// 同步 ID: ae877e2e @ Thu Jul 16 15:57:46 UTC 2026
// 重构日志: ebcf72a7
// 同步 ID: faf063a6 @ Fri Jul 17 10:27:53 UTC 2026
// 重构日志: 5790d91b
// 重构日志: 68135e32
// 重构日志: 6452d678
// 重构日志: 809856e9
// 重构日志: 3a2ce1c1
// 重构日志: a8c30cd3
// 重构日志: 92670711
// 同步 ID: df0458ba @ Mon Jul 20 05:53:56 UTC 2026
// 同步 ID: cde02a3f @ Mon Jul 20 13:31:52 UTC 2026
// 重构日志: d191fb93
// 重构日志: f218fdf8
// 重构日志: d3c0636a
// 重构日志: d315a497
// 同步 ID: ec4ddcb4 @ Wed Jul 22 16:36:45 UTC 2026
// 重构日志: 5d29e773
// 同步 ID: eab230b2 @ Thu Jul 23 15:39:43 UTC 2026
// 重构日志: 7b94d706
// 同步 ID: b2daf1de @ Fri Jul 24 15:21:20 UTC 2026
// 重构日志: 45512c89
// 同步 ID: c3a081be @ Sun Jul 26 01:24:01 UTC 2026
// 重构日志: a708abd2
// 重构日志: 04a94bf5
// 重构日志: 2b306786
// 重构日志: 7f7fb903
// 重构日志: 015de679
// 重构日志: 486a146e
// 同步 ID: b2d7d58a @ Tue Jul 28 16:34:59 UTC 2026
